#
# There is insufficient memory for the Java Runtime Environment to continue.
# Native memory allocation (mmap) failed to map 65536 bytes. Error detail: Failed to commit metaspace.
# Possible reasons:
#   The system is out of physical RAM or swap space
#   This process is running with CompressedOops enabled, and the Java Heap may be blocking the growth of the native heap
# Possible solutions:
#   Reduce memory load on the system
#   Increase physical memory or swap space
#   Check if swap backing store is full
#   Decrease Java heap size (-Xmx/-Xms)
#   Decrease Java thread stack sizes (-Xss)
#   Set larger code cache with -XX:ReservedCodeCacheSize=
#   JVM is running with Zero Based Compressed Oops mode in which the Java heap is
#     placed in the first 32GB address space. The Java Heap base address is the
#     maximum limit for the native heap growth. Please use -XX:HeapBaseMinAddress
#     to set the Java Heap base and to place the Java Heap above 32GB virtual address.
# This output file may be truncated or incomplete.
#
#  Out of Memory Error (virtualSpaceNode.cpp:113), pid=21344, tid=23820
#
# JRE version: OpenJDK Runtime Environment Temurin-21.0.10+7 (21.0.10+7) (build 21.0.10+7-LTS)
# Java VM: OpenJDK 64-Bit Server VM Temurin-21.0.10+7 (21.0.10+7-LTS, mixed mode, sharing, tiered, compressed oops, compressed class ptrs, g1 gc, windows-amd64)
# No core dump will be written. Minidumps are not enabled by default on client versions of Windows
#

---------------  S U M M A R Y ------------

Command Line: --add-opens=java.base/java.lang=ALL-UNNAMED --add-opens=java.base/java.lang.invoke=ALL-UNNAMED --add-opens=java.base/java.util=ALL-UNNAMED --add-opens=java.prefs/java.util.prefs=ALL-UNNAMED --add-exports=jdk.compiler/com.sun.tools.javac.api=ALL-UNNAMED --add-exports=jdk.compiler/com.sun.tools.javac.util=ALL-UNNAMED --add-opens=java.base/java.util=ALL-UNNAMED --add-opens=java.prefs/java.util.prefs=ALL-UNNAMED --add-opens=java.base/java.nio.charset=ALL-UNNAMED --add-opens=java.base/java.net=ALL-UNNAMED --add-opens=java.base/java.util.concurrent.atomic=ALL-UNNAMED --add-opens=java.xml/javax.xml.namespace=ALL-UNNAMED -XX:MaxMetaspaceSize=4G -XX:ReservedCodeCacheSize=512m -XX:+HeapDumpOnOutOfMemoryError -Xmx8G -Dfile.encoding=UTF-8 -Duser.country=US -Duser.language=en -Duser.variant -javaagent:C:\Users\ASUS\.gradle\wrapper\dists\gradle-8.14-all\c2qonpi39x1mddn7hk5gh9iqj\gradle-8.14\lib\agents\gradle-instrumentation-agent-8.14.jar org.gradle.launcher.daemon.bootstrap.GradleDaemon 8.14

Host: 11th Gen Intel(R) Core(TM) i3-1115G4 @ 3.00GHz, 4 cores, 7G,  Windows 11 , 64 bit Build 26100 (10.0.26100.8328)
Time: Sun May 17 20:01:00 2026 SE Asia Standard Time elapsed time: 1417.946616 seconds (0d 0h 23m 37s)

---------------  T H R E A D  ---------------

Current thread (0x00000198fb2e7c70):  JavaThread "C1 CompilerThread0" daemon [_thread_in_vm, id=23820, stack(0x00000080c4700000,0x00000080c4800000) (1024K)]


Current CompileTask:
C1:1417946 17366       3       java.security.Permissions::add (54 bytes)

Stack: [0x00000080c4700000,0x00000080c4800000]
Native frames: (J=compiled Java code, j=interpreted, Vv=VM code, C=native code)
V  [jvm.dll+0x6d7a39]
V  [jvm.dll+0x8b4b26]
V  [jvm.dll+0x8b70de]
V  [jvm.dll+0x8b77c3]
V  [jvm.dll+0x284346]
V  [jvm.dll+0x8b086e]
V  [jvm.dll+0x679444]
V  [jvm.dll+0x6794aa]
V  [jvm.dll+0x67bca6]
V  [jvm.dll+0x67bb72]
V  [jvm.dll+0x679e1e]
V  [jvm.dll+0x68b22a]
V  [jvm.dll+0x6843a2]
V  [jvm.dll+0x1f6360]
V  [jvm.dll+0x1f6548]
V  [jvm.dll+0x16929e]
V  [jvm.dll+0x1690e6]
V  [jvm.dll+0x160cb0]
V  [jvm.dll+0x162f4d]
V  [jvm.dll+0x161556]
V  [jvm.dll+0x15b297]
V  [jvm.dll+0x16ad68]
V  [jvm.dll+0x156885]
V  [jvm.dll+0x156bd2]
V  [jvm.dll+0x156e84]
V  [jvm.dll+0x15629c]
V  [jvm.dll+0x15802d]
V  [jvm.dll+0x25b85d]
V  [jvm.dll+0x259dea]
V  [jvm.dll+0x3f857e]
V  [jvm.dll+0x85f59d]
V  [jvm.dll+0x6d626d]
C  [ucrtbase.dll+0x37b0]
C  [KERNEL32.DLL+0x2e957]
C  [ntdll.dll+0x427c]


---------------  P R O C E S S  ---------------

Threads class SMR info:
_java_thread_list=0x00000199046fd220, length=40, elements={
0x00000198cde25310, 0x00000198fb2d1df0, 0x00000198fb2d5580, 0x00000198fb2daf50,
0x00000198fb2dd9c0, 0x00000198fb2e2270, 0x00000198fb2e3ce0, 0x00000198fb2e4a70,
0x00000198fb2e7c70, 0x00000198fd956ff0, 0x00000198fd9a4db0, 0x00000198fe5f8c10,
0x00000198fe39e4d0, 0x00000198ff2430a0, 0x00000198fe7715a0, 0x00000198fe772fe0,
0x00000198fe7701f0, 0x00000198c637fd00, 0x00000198c6382460, 0x00000198c6381dd0,
0x00000198c6382af0, 0x00000198c6383810, 0x00000198fe70f5f0, 0x00000198c74553d0,
0x00000198c74560f0, 0x00000198c7452c70, 0x00000198c7458ee0, 0x00000198c848f850,
0x00000198c8490570, 0x00000198fe7109a0, 0x00000198fe70e8d0, 0x00000198c6380a20,
0x00000198c6383180, 0x00000198c6384bc0, 0x00000198c6385f70, 0x00000198c6384530,
0x00000198c53c9b10, 0x00000198c53c8df0, 0x00000198c53ca1a0, 0x00000198c53cc900
}

Java Threads: ( => current thread )
  0x00000198cde25310 JavaThread "main"                              [_thread_blocked, id=10848, stack(0x00000080c3700000,0x00000080c3800000) (1024K)]
  0x00000198fb2d1df0 JavaThread "Reference Handler"          daemon [_thread_blocked, id=15928, stack(0x00000080c4000000,0x00000080c4100000) (1024K)]
  0x00000198fb2d5580 JavaThread "Finalizer"                  daemon [_thread_blocked, id=10624, stack(0x00000080c4100000,0x00000080c4200000) (1024K)]
  0x00000198fb2daf50 JavaThread "Signal Dispatcher"          daemon [_thread_blocked, id=1064, stack(0x00000080c4200000,0x00000080c4300000) (1024K)]
  0x00000198fb2dd9c0 JavaThread "Attach Listener"            daemon [_thread_blocked, id=19572, stack(0x00000080c4300000,0x00000080c4400000) (1024K)]
  0x00000198fb2e2270 JavaThread "Service Thread"             daemon [_thread_blocked, id=13208, stack(0x00000080c4400000,0x00000080c4500000) (1024K)]
  0x00000198fb2e3ce0 JavaThread "Monitor Deflation Thread"   daemon [_thread_blocked, id=3100, stack(0x00000080c4500000,0x00000080c4600000) (1024K)]
  0x00000198fb2e4a70 JavaThread "C2 CompilerThread0"         daemon [_thread_blocked, id=10872, stack(0x00000080c4600000,0x00000080c4700000) (1024K)]
=>0x00000198fb2e7c70 JavaThread "C1 CompilerThread0"         daemon [_thread_in_vm, id=23820, stack(0x00000080c4700000,0x00000080c4800000) (1024K)]
  0x00000198fd956ff0 JavaThread "Common-Cleaner"             daemon [_thread_blocked, id=13996, stack(0x00000080c4800000,0x00000080c4900000) (1024K)]
  0x00000198fd9a4db0 JavaThread "Notification Thread"        daemon [_thread_blocked, id=18960, stack(0x00000080c4900000,0x00000080c4a00000) (1024K)]
  0x00000198fe5f8c10 JavaThread "Daemon health stats"               [_thread_blocked, id=27184, stack(0x00000080c4d00000,0x00000080c4e00000) (1024K)]
  0x00000198fe39e4d0 JavaThread "Incoming local TCP Connector on port 60395"        [_thread_in_native, id=25408, stack(0x00000080c4e00000,0x00000080c4f00000) (1024K)]
  0x00000198ff2430a0 JavaThread "Daemon periodic checks"            [_thread_blocked, id=14200, stack(0x00000080c4f00000,0x00000080c5000000) (1024K)]
  0x00000198fe7715a0 JavaThread "Cache worker for journal cache (C:\Users\ASUS\.gradle\caches\journal-1)"        [_thread_blocked, id=9620, stack(0x00000080c5700000,0x00000080c5800000) (1024K)]
  0x00000198fe772fe0 JavaThread "File lock request listener"        [_thread_in_native, id=13220, stack(0x00000080c5800000,0x00000080c5900000) (1024K)]
  0x00000198fe7701f0 JavaThread "Cache worker for file hash cache (C:\Users\ASUS\.gradle\caches\8.14\fileHashes)"        [_thread_blocked, id=3092, stack(0x00000080c5900000,0x00000080c5a00000) (1024K)]
  0x00000198c637fd00 JavaThread "File watcher server"        daemon [_thread_in_native, id=22608, stack(0x00000080c5d00000,0x00000080c5e00000) (1024K)]
  0x00000198c6382460 JavaThread "File watcher consumer"      daemon [_thread_blocked, id=14680, stack(0x00000080c5e00000,0x00000080c5f00000) (1024K)]
  0x00000198c6381dd0 JavaThread "jar transforms"                    [_thread_blocked, id=4772, stack(0x00000080c5f00000,0x00000080c6000000) (1024K)]
  0x00000198c6382af0 JavaThread "jar transforms Thread 2"           [_thread_blocked, id=12088, stack(0x00000080c6000000,0x00000080c6100000) (1024K)]
  0x00000198c6383810 JavaThread "Cache worker for file content cache (C:\Users\ASUS\.gradle\caches\8.14\fileContent)"        [_thread_blocked, id=9048, stack(0x00000080c6200000,0x00000080c6300000) (1024K)]
  0x00000198fe70f5f0 JavaThread "Memory manager"                    [_thread_blocked, id=24244, stack(0x00000080c6f00000,0x00000080c7000000) (1024K)]
  0x00000198c74553d0 JavaThread "RMI Scheduler(0)"           daemon [_thread_blocked, id=16728, stack(0x00000080c3800000,0x00000080c3900000) (1024K)]
  0x00000198c74560f0 JavaThread "RMI GC Daemon"              daemon [_thread_blocked, id=7672, stack(0x00000080c8400000,0x00000080c8500000) (1024K)]
  0x00000198c7452c70 JavaThread "RMI TCP Accept-0"           daemon [_thread_in_native, id=9164, stack(0x00000080c8500000,0x00000080c8600000) (1024K)]
  0x00000198c7458ee0 JavaThread "RMI Reaper"                        [_thread_blocked, id=27544, stack(0x00000080c8600000,0x00000080c8700000) (1024K)]
  0x00000198c848f850 JavaThread "jar transforms Thread 3"           [_thread_blocked, id=104, stack(0x00000080c5b00000,0x00000080c5c00000) (1024K)]
  0x00000198c8490570 JavaThread "jar transforms Thread 4"           [_thread_blocked, id=11564, stack(0x00000080c5c00000,0x00000080c5d00000) (1024K)]
  0x00000198fe7109a0 JavaThread "Daemon Thread 3"                   [_thread_blocked, id=20640, stack(0x00000080c3600000,0x00000080c3700000) (1024K)]
  0x00000198fe70e8d0 JavaThread "Daemon worker Thread 3"            [_thread_in_vm, id=12316, stack(0x00000080c5200000,0x00000080c5300000) (1024K)]
  0x00000198c6380a20 JavaThread "RMI TCP Connection(idle)"   daemon [_thread_blocked, id=280, stack(0x00000080c5a00000,0x00000080c5b00000) (1024K)]
  0x00000198c6383180 JavaThread "VFS cleanup Thread 3"              [_thread_blocked, id=20200, stack(0x00000080c5300000,0x00000080c5400000) (1024K)]
  0x00000198c6384bc0 JavaThread "Handler for socket connection from /127.0.0.1:60395 to /127.0.0.1:63402"        [_thread_in_native, id=13984, stack(0x00000080c5000000,0x00000080c5100000) (1024K)]
  0x00000198c6385f70 JavaThread "Cancel handler"                    [_thread_blocked, id=21892, stack(0x00000080c5100000,0x00000080c5200000) (1024K)]
  0x00000198c6384530 JavaThread "Asynchronous log dispatcher for DefaultDaemonConnection: socket connection from /127.0.0.1:60395 to /127.0.0.1:63402"        [_thread_blocked, id=15700, stack(0x00000080c5400000,0x00000080c5500000) (1024K)]
  0x00000198c53c9b10 JavaThread "Stdin handler"                     [_thread_blocked, id=8700, stack(0x00000080c5500000,0x00000080c5600000) (1024K)]
  0x00000198c53c8df0 JavaThread "Daemon client event forwarder"        [_thread_blocked, id=4348, stack(0x00000080c5600000,0x00000080c5700000) (1024K)]
  0x00000198c53ca1a0 JavaThread "Cache worker for file hash cache (C:\Users\ASUS\Pages\cafe_signal\android\.gradle\8.14\fileHashes)"        [_thread_blocked, id=8620, stack(0x00000080c6100000,0x00000080c6200000) (1024K)]
  0x00000198c53cc900 JavaThread "Cache worker for Build Output Cleanup Cache (C:\Users\ASUS\Pages\cafe_signal\android\.gradle\buildOutputCleanup)"        [_thread_blocked, id=13496, stack(0x00000080c6300000,0x00000080c6400000) (1024K)]
Total: 40

Other Threads:
  0x00000198fb2b3650 VMThread "VM Thread"                           [id=12588, stack(0x00000080c3f00000,0x00000080c4000000) (1024K)]
  0x00000198fb2a2aa0 WatcherThread "VM Periodic Task Thread"        [id=23408, stack(0x00000080c3e00000,0x00000080c3f00000) (1024K)]
  0x00000198cdecd650 WorkerThread "GC Thread#0"                     [id=11732, stack(0x00000080c3900000,0x00000080c3a00000) (1024K)]
  0x00000198fda1f430 WorkerThread "GC Thread#1"                     [id=27316, stack(0x00000080c4a00000,0x00000080c4b00000) (1024K)]
  0x00000198fda1a8c0 WorkerThread "GC Thread#2"                     [id=23480, stack(0x00000080c4b00000,0x00000080c4c00000) (1024K)]
  0x00000198fe5808b0 WorkerThread "GC Thread#3"                     [id=12052, stack(0x00000080c4c00000,0x00000080c4d00000) (1024K)]
  0x00000198cdede550 ConcurrentGCThread "G1 Main Marker"            [id=12548, stack(0x00000080c3a00000,0x00000080c3b00000) (1024K)]
  0x00000198fb130080 WorkerThread "G1 Conc#0"                       [id=23676, stack(0x00000080c3b00000,0x00000080c3c00000) (1024K)]
  0x00000198fb171470 ConcurrentGCThread "G1 Refine#0"               [id=21480, stack(0x00000080c3c00000,0x00000080c3d00000) (1024K)]
  0x00000198fb171f00 ConcurrentGCThread "G1 Service"                [id=3276, stack(0x00000080c3d00000,0x00000080c3e00000) (1024K)]
Total: 10

Threads with active compile tasks:
C1 CompilerThread0  1418010 17366       3       java.security.Permissions::add (54 bytes)
Total: 1

VM state: not at safepoint (normal execution)

VM Mutex/Monitor currently owned by a thread:  ([mutex/lock_event])
[0x00007fffc0afc4e0] Metaspace_lock - owner thread: 0x00000198fb2e7c70

Heap address: 0x0000000600000000, size: 8192 MB, Compressed Oops mode: Zero based, Oop shift amount: 3

CDS archive(s) mapped at: [0x0000019880000000-0x0000019880ba0000-0x0000019880ba0000), size 12189696, SharedBaseAddress: 0x0000019880000000, ArchiveRelocationMode: 1.
Compressed class space mapped at: 0x0000019881000000-0x00000198c1000000, reserved size: 1073741824
Narrow klass base: 0x0000019880000000, Narrow klass shift: 0, Narrow klass range: 0x100000000

GC Precious Log:
 CardTable entry size: 512
 Card Set container configuration: InlinePtr #cards 4 size 8 Array Of Cards #cards 32 size 80 Howl #buckets 8 coarsen threshold 7372 Howl Bitmap #cards 1024 size 144 coarsen threshold 921 Card regions per heap region 1 cards per card region 8192
 CPUs: 4 total, 4 available
 Memory: 7886M
 Large Page Support: Disabled
 NUMA Support: Disabled
 Compressed Oops: Enabled (Zero based)
 Heap Region Size: 4M
 Heap Min Capacity: 8M
 Heap Initial Capacity: 124M
 Heap Max Capacity: 8G
 Pre-touch: Disabled
 Parallel Workers: 4
 Concurrent Workers: 1
 Concurrent Refinement Workers: 4
 Periodic GC: Disabled

Heap:
 garbage-first heap   total 389120K, used 151214K [0x0000000600000000, 0x0000000800000000)
  region size 4096K, 3 young (12288K), 1 survivors (4096K)
 Metaspace       used 111481K, committed 114048K, reserved 1179648K
  class space    used 15785K, committed 17088K, reserved 1048576K

Heap Regions: E=young(eden), S=young(survivor), O=old, HS=humongous(starts), HC=humongous(continues), CS=collection set, F=free, TAMS=top-at-mark-start, PB=parsable bottom
|   0|0x0000000600000000, 0x0000000600400000, 0x0000000600400000|100%|HS|  |TAMS 0x0000000600000000| PB 0x0000000600000000| Complete 
|   1|0x0000000600400000, 0x0000000600800000, 0x0000000600800000|100%| O|  |TAMS 0x0000000600400000| PB 0x0000000600400000| Untracked 
|   2|0x0000000600800000, 0x0000000600c00000, 0x0000000600c00000|100%| O|  |TAMS 0x0000000600800000| PB 0x0000000600800000| Untracked 
|   3|0x0000000600c00000, 0x0000000601000000, 0x0000000601000000|100%| O|  |TAMS 0x0000000600c00000| PB 0x0000000600c00000| Untracked 
|   4|0x0000000601000000, 0x0000000601400000, 0x0000000601400000|100%| O|  |TAMS 0x0000000601000000| PB 0x0000000601000000| Untracked 
|   5|0x0000000601400000, 0x0000000601800000, 0x0000000601800000|100%| O|  |TAMS 0x0000000601400000| PB 0x0000000601400000| Untracked 
|   6|0x0000000601800000, 0x0000000601c00000, 0x0000000601c00000|100%| O|  |TAMS 0x0000000601800000| PB 0x0000000601800000| Untracked 
|   7|0x0000000601c00000, 0x0000000602000000, 0x0000000602000000|100%| O|  |TAMS 0x0000000601c00000| PB 0x0000000601c00000| Untracked 
|   8|0x0000000602000000, 0x0000000602400000, 0x0000000602400000|100%| O|  |TAMS 0x0000000602000000| PB 0x0000000602000000| Untracked 
|   9|0x0000000602400000, 0x0000000602800000, 0x0000000602800000|100%| O|  |TAMS 0x0000000602400000| PB 0x0000000602400000| Untracked 
|  10|0x0000000602800000, 0x0000000602c00000, 0x0000000602c00000|100%| O|  |TAMS 0x0000000602800000| PB 0x0000000602800000| Untracked 
|  11|0x0000000602c00000, 0x0000000603000000, 0x0000000603000000|100%|HS|  |TAMS 0x0000000602c00000| PB 0x0000000602c00000| Complete 
|  12|0x0000000603000000, 0x0000000603400000, 0x0000000603400000|100%|HS|  |TAMS 0x0000000603000000| PB 0x0000000603000000| Complete 
|  13|0x0000000603400000, 0x0000000603800000, 0x0000000603800000|100%| O|  |TAMS 0x0000000603400000| PB 0x0000000603400000| Untracked 
|  14|0x0000000603800000, 0x0000000603c00000, 0x0000000603c00000|100%| O|  |TAMS 0x0000000603800000| PB 0x0000000603800000| Untracked 
|  15|0x0000000603c00000, 0x0000000604000000, 0x0000000604000000|100%| O|  |TAMS 0x0000000603c00000| PB 0x0000000603c00000| Untracked 
|  16|0x0000000604000000, 0x0000000604400000, 0x0000000604400000|100%| O|  |TAMS 0x0000000604000000| PB 0x0000000604000000| Untracked 
|  17|0x0000000604400000, 0x0000000604800000, 0x0000000604800000|100%| O|  |TAMS 0x0000000604400000| PB 0x0000000604400000| Untracked 
|  18|0x0000000604800000, 0x0000000604c00000, 0x0000000604c00000|100%| O|  |TAMS 0x0000000604800000| PB 0x0000000604800000| Untracked 
|  19|0x0000000604c00000, 0x0000000605000000, 0x0000000605000000|100%| O|  |TAMS 0x0000000604c00000| PB 0x0000000604c00000| Untracked 
|  20|0x0000000605000000, 0x0000000605400000, 0x0000000605400000|100%| O|  |TAMS 0x0000000605000000| PB 0x0000000605000000| Untracked 
|  21|0x0000000605400000, 0x0000000605800000, 0x0000000605800000|100%| O|  |TAMS 0x0000000605400000| PB 0x0000000605400000| Untracked 
|  22|0x0000000605800000, 0x0000000605c00000, 0x0000000605c00000|100%| O|  |TAMS 0x0000000605800000| PB 0x0000000605800000| Untracked 
|  23|0x0000000605c00000, 0x0000000606000000, 0x0000000606000000|100%| O|  |TAMS 0x0000000605c00000| PB 0x0000000605c00000| Untracked 
|  24|0x0000000606000000, 0x0000000606400000, 0x0000000606400000|100%| O|  |TAMS 0x0000000606000000| PB 0x0000000606000000| Untracked 
|  25|0x0000000606400000, 0x0000000606800000, 0x0000000606800000|100%| O|  |TAMS 0x0000000606400000| PB 0x0000000606400000| Untracked 
|  26|0x0000000606800000, 0x0000000606c00000, 0x0000000606c00000|100%| O|  |TAMS 0x0000000606800000| PB 0x0000000606800000| Untracked 
|  27|0x0000000606c00000, 0x0000000607000000, 0x0000000607000000|100%| O|  |TAMS 0x0000000606c00000| PB 0x0000000606c00000| Untracked 
|  28|0x0000000607000000, 0x0000000607400000, 0x0000000607400000|100%| O|  |TAMS 0x0000000607000000| PB 0x0000000607000000| Untracked 
|  29|0x0000000607400000, 0x0000000607800000, 0x0000000607800000|100%| O|  |TAMS 0x0000000607400000| PB 0x0000000607400000| Untracked 
|  30|0x0000000607800000, 0x0000000607c00000, 0x0000000607c00000|100%| O|  |TAMS 0x0000000607800000| PB 0x0000000607800000| Untracked 
|  31|0x0000000607c00000, 0x0000000608000000, 0x0000000608000000|100%| O|  |TAMS 0x0000000607c00000| PB 0x0000000607c00000| Untracked 
|  32|0x0000000608000000, 0x00000006083ab840, 0x0000000608400000| 91%| O|  |TAMS 0x0000000608000000| PB 0x0000000608000000| Untracked 
|  33|0x0000000608400000, 0x0000000608400000, 0x0000000608800000|  0%| F|  |TAMS 0x0000000608400000| PB 0x0000000608400000| Untracked 
|  34|0x0000000608800000, 0x0000000608800000, 0x0000000608c00000|  0%| F|  |TAMS 0x0000000608800000| PB 0x0000000608800000| Untracked 
|  35|0x0000000608c00000, 0x0000000608c00000, 0x0000000609000000|  0%| F|  |TAMS 0x0000000608c00000| PB 0x0000000608c00000| Untracked 
|  36|0x0000000609000000, 0x0000000609000000, 0x0000000609400000|  0%| F|  |TAMS 0x0000000609000000| PB 0x0000000609000000| Untracked 
|  37|0x0000000609400000, 0x0000000609400000, 0x0000000609800000|  0%| F|  |TAMS 0x0000000609400000| PB 0x0000000609400000| Untracked 
|  38|0x0000000609800000, 0x0000000609800000, 0x0000000609c00000|  0%| F|  |TAMS 0x0000000609800000| PB 0x0000000609800000| Untracked 
|  39|0x0000000609c00000, 0x0000000609c00000, 0x000000060a000000|  0%| F|  |TAMS 0x0000000609c00000| PB 0x0000000609c00000| Untracked 
|  40|0x000000060a000000, 0x000000060a000000, 0x000000060a400000|  0%| F|  |TAMS 0x000000060a000000| PB 0x000000060a000000| Untracked 
|  41|0x000000060a400000, 0x000000060a400000, 0x000000060a800000|  0%| F|  |TAMS 0x000000060a400000| PB 0x000000060a400000| Untracked 
|  42|0x000000060a800000, 0x000000060a800000, 0x000000060ac00000|  0%| F|  |TAMS 0x000000060a800000| PB 0x000000060a800000| Untracked 
|  43|0x000000060ac00000, 0x000000060ac00000, 0x000000060b000000|  0%| F|  |TAMS 0x000000060ac00000| PB 0x000000060ac00000| Untracked 
|  44|0x000000060b000000, 0x000000060b000000, 0x000000060b400000|  0%| F|  |TAMS 0x000000060b000000| PB 0x000000060b000000| Untracked 
|  45|0x000000060b400000, 0x000000060b400000, 0x000000060b800000|  0%| F|  |TAMS 0x000000060b400000| PB 0x000000060b400000| Untracked 
|  46|0x000000060b800000, 0x000000060b800000, 0x000000060bc00000|  0%| F|  |TAMS 0x000000060b800000| PB 0x000000060b800000| Untracked 
|  47|0x000000060bc00000, 0x000000060bc00000, 0x000000060c000000|  0%| F|  |TAMS 0x000000060bc00000| PB 0x000000060bc00000| Untracked 
|  48|0x000000060c000000, 0x000000060c000000, 0x000000060c400000|  0%| F|  |TAMS 0x000000060c000000| PB 0x000000060c000000| Untracked 
|  49|0x000000060c400000, 0x000000060c400000, 0x000000060c800000|  0%| F|  |TAMS 0x000000060c400000| PB 0x000000060c400000| Untracked 
|  50|0x000000060c800000, 0x000000060c800000, 0x000000060cc00000|  0%| F|  |TAMS 0x000000060c800000| PB 0x000000060c800000| Untracked 
|  51|0x000000060cc00000, 0x000000060cc00000, 0x000000060d000000|  0%| F|  |TAMS 0x000000060cc00000| PB 0x000000060cc00000| Untracked 
|  52|0x000000060d000000, 0x000000060d000000, 0x000000060d400000|  0%| F|  |TAMS 0x000000060d000000| PB 0x000000060d000000| Untracked 
|  53|0x000000060d400000, 0x000000060d400000, 0x000000060d800000|  0%| F|  |TAMS 0x000000060d400000| PB 0x000000060d400000| Untracked 
|  54|0x000000060d800000, 0x000000060d800000, 0x000000060dc00000|  0%| F|  |TAMS 0x000000060d800000| PB 0x000000060d800000| Untracked 
|  55|0x000000060dc00000, 0x000000060dc00000, 0x000000060e000000|  0%| F|  |TAMS 0x000000060dc00000| PB 0x000000060dc00000| Untracked 
|  56|0x000000060e000000, 0x000000060e000000, 0x000000060e400000|  0%| F|  |TAMS 0x000000060e000000| PB 0x000000060e000000| Untracked 
|  57|0x000000060e400000, 0x000000060e400000, 0x000000060e800000|  0%| F|  |TAMS 0x000000060e400000| PB 0x000000060e400000| Untracked 
|  58|0x000000060e800000, 0x000000060e800000, 0x000000060ec00000|  0%| F|  |TAMS 0x000000060e800000| PB 0x000000060e800000| Untracked 
|  59|0x000000060ec00000, 0x000000060ec00000, 0x000000060f000000|  0%| F|  |TAMS 0x000000060ec00000| PB 0x000000060ec00000| Untracked 
|  60|0x000000060f000000, 0x000000060f000000, 0x000000060f400000|  0%| F|  |TAMS 0x000000060f000000| PB 0x000000060f000000| Untracked 
|  61|0x000000060f400000, 0x000000060f400000, 0x000000060f800000|  0%| F|  |TAMS 0x000000060f400000| PB 0x000000060f400000| Untracked 
|  62|0x000000060f800000, 0x000000060f800000, 0x000000060fc00000|  0%| F|  |TAMS 0x000000060f800000| PB 0x000000060f800000| Untracked 
|  63|0x000000060fc00000, 0x000000060fc00000, 0x0000000610000000|  0%| F|  |TAMS 0x000000060fc00000| PB 0x000000060fc00000| Untracked 
|  64|0x0000000610000000, 0x0000000610000000, 0x0000000610400000|  0%| F|  |TAMS 0x0000000610000000| PB 0x0000000610000000| Untracked 
|  65|0x0000000610400000, 0x0000000610400000, 0x0000000610800000|  0%| F|  |TAMS 0x0000000610400000| PB 0x0000000610400000| Untracked 
|  66|0x0000000610800000, 0x0000000610800000, 0x0000000610c00000|  0%| F|  |TAMS 0x0000000610800000| PB 0x0000000610800000| Untracked 
|  67|0x0000000610c00000, 0x0000000610c00000, 0x0000000611000000|  0%| F|  |TAMS 0x0000000610c00000| PB 0x0000000610c00000| Untracked 
|  68|0x0000000611000000, 0x0000000611000000, 0x0000000611400000|  0%| F|  |TAMS 0x0000000611000000| PB 0x0000000611000000| Untracked 
|  69|0x0000000611400000, 0x0000000611400000, 0x0000000611800000|  0%| F|  |TAMS 0x0000000611400000| PB 0x0000000611400000| Untracked 
|  70|0x0000000611800000, 0x0000000611800000, 0x0000000611c00000|  0%| F|  |TAMS 0x0000000611800000| PB 0x0000000611800000| Untracked 
|  71|0x0000000611c00000, 0x0000000611c00000, 0x0000000612000000|  0%| F|  |TAMS 0x0000000611c00000| PB 0x0000000611c00000| Untracked 
|  72|0x0000000612000000, 0x0000000612000000, 0x0000000612400000|  0%| F|  |TAMS 0x0000000612000000| PB 0x0000000612000000| Untracked 
|  73|0x0000000612400000, 0x0000000612400000, 0x0000000612800000|  0%| F|  |TAMS 0x0000000612400000| PB 0x0000000612400000| Untracked 
|  74|0x0000000612800000, 0x0000000612800000, 0x0000000612c00000|  0%| F|  |TAMS 0x0000000612800000| PB 0x0000000612800000| Untracked 
|  75|0x0000000612c00000, 0x0000000612c00000, 0x0000000613000000|  0%| F|  |TAMS 0x0000000612c00000| PB 0x0000000612c00000| Untracked 
|  76|0x0000000613000000, 0x0000000613000000, 0x0000000613400000|  0%| F|  |TAMS 0x0000000613000000| PB 0x0000000613000000| Untracked 
|  77|0x0000000613400000, 0x0000000613400000, 0x0000000613800000|  0%| F|  |TAMS 0x0000000613400000| PB 0x0000000613400000| Untracked 
|  78|0x0000000613800000, 0x0000000613800000, 0x0000000613c00000|  0%| F|  |TAMS 0x0000000613800000| PB 0x0000000613800000| Untracked 
|  79|0x0000000613c00000, 0x0000000613c00000, 0x0000000614000000|  0%| F|  |TAMS 0x0000000613c00000| PB 0x0000000613c00000| Untracked 
|  80|0x0000000614000000, 0x0000000614000000, 0x0000000614400000|  0%| F|  |TAMS 0x0000000614000000| PB 0x0000000614000000| Untracked 
|  81|0x0000000614400000, 0x0000000614400000, 0x0000000614800000|  0%| F|  |TAMS 0x0000000614400000| PB 0x0000000614400000| Untracked 
|  82|0x0000000614800000, 0x0000000614800000, 0x0000000614c00000|  0%| F|  |TAMS 0x0000000614800000| PB 0x0000000614800000| Untracked 
|  83|0x0000000614c00000, 0x0000000614c00000, 0x0000000615000000|  0%| F|  |TAMS 0x0000000614c00000| PB 0x0000000614c00000| Untracked 
|  84|0x0000000615000000, 0x0000000615000000, 0x0000000615400000|  0%| F|  |TAMS 0x0000000615000000| PB 0x0000000615000000| Untracked 
|  85|0x0000000615400000, 0x0000000615400000, 0x0000000615800000|  0%| F|  |TAMS 0x0000000615400000| PB 0x0000000615400000| Untracked 
|  86|0x0000000615800000, 0x0000000615800000, 0x0000000615c00000|  0%| F|  |TAMS 0x0000000615800000| PB 0x0000000615800000| Untracked 
|  87|0x0000000615c00000, 0x0000000615c00000, 0x0000000616000000|  0%| F|  |TAMS 0x0000000615c00000| PB 0x0000000615c00000| Untracked 
|  88|0x0000000616000000, 0x0000000616000000, 0x0000000616400000|  0%| F|  |TAMS 0x0000000616000000| PB 0x0000000616000000| Untracked 
|  89|0x0000000616400000, 0x0000000616800000, 0x0000000616800000|100%| S|CS|TAMS 0x0000000616400000| PB 0x0000000616400000| Complete 
|  90|0x0000000616800000, 0x0000000616800000, 0x0000000616c00000|  0%| F|  |TAMS 0x0000000616800000| PB 0x0000000616800000| Untracked 
|2044|0x00000007ff000000, 0x00000007ff400000, 0x00000007ff400000|100%| O|  |TAMS 0x00000007ff000000| PB 0x00000007ff000000| Untracked 
|2045|0x00000007ff400000, 0x00000007ff43ca80, 0x00000007ff800000|  5%| E|  |TAMS 0x00000007ff400000| PB 0x00000007ff400000| Complete 
|2046|0x00000007ff800000, 0x00000007ffc00000, 0x00000007ffc00000|100%| E|CS|TAMS 0x00000007ff800000| PB 0x00000007ff800000| Complete 
|2047|0x00000007ffc00000, 0x0000000800000000, 0x0000000800000000|100%| O|  |TAMS 0x00000007ffc00000| PB 0x00000007ffc00000| Untracked 

Card table byte_map: [0x00000198f2130000,0x00000198f3130000] _byte_map_base: 0x00000198ef130000

Marking Bits: (CMBitMap*) 0x00000198cdecdc70
 Bits: [0x00000198f3130000, 0x00000198fb130000)

Polling page: 0x00000198cbc10000

Metaspace:

Usage:
  Non-class:     93.45 MB used.
      Class:     15.42 MB used.
       Both:    108.87 MB used.

Virtual space:
  Non-class space:      128.00 MB reserved,      94.69 MB ( 74%) committed,  2 nodes.
      Class space:        1.00 GB reserved,      16.69 MB (  2%) committed,  1 nodes.
             Both:        1.12 GB reserved,     111.38 MB ( 10%) committed. 

Chunk freelists:
   Non-Class:  1.13 MB
       Class:  15.25 MB
        Both:  16.38 MB

MaxMetaspaceSize: 4.00 GB
CompressedClassSpaceSize: 1.00 GB
Initial GC threshold: 21.00 MB
Current GC threshold: 174.06 MB
CDS: on
 - commit_granule_bytes: 65536.
 - commit_granule_words: 8192.
 - virtual_space_node_default_size: 8388608.
 - enlarge_chunks_in_place: 1.
 - use_allocation_guard: 0.


Internal statistics:

num_allocs_failed_limit: 12.
num_arena_births: 4828.
num_arena_deaths: 0.
num_vsnodes_births: 3.
num_vsnodes_deaths: 0.
num_space_committed: 1782.
num_space_uncommitted: 0.
num_chunks_returned_to_freelist: 12.
num_chunks_taken_from_freelist: 10289.
num_chunk_merges: 9.
num_chunk_splits: 6589.
num_chunks_enlarged: 3978.
num_inconsistent_stats: 0.

CodeHeap 'non-profiled nmethods': size=259264Kb used=10019Kb max_used=10019Kb free=249244Kb
 bounds [0x00000198e12f0000, 0x00000198e1cc0000, 0x00000198f1020000]
CodeHeap 'profiled nmethods': size=259264Kb used=29570Kb max_used=29570Kb free=229693Kb
 bounds [0x00000198d1020000, 0x00000198d2d10000, 0x00000198e0d50000]
CodeHeap 'non-nmethods': size=5760Kb used=3068Kb max_used=3134Kb free=2691Kb
 bounds [0x00000198e0d50000, 0x00000198e1070000, 0x00000198e12f0000]
CodeCache: size=524288Kb, used=42657Kb, max_used=42723Kb, free=481628Kb
 total_blobs=16004, nmethods=14944, adapters=963, full_count=0
Compilation: enabled, stopped_count=0, restarted_count=0

Compilation events (20 events):
Event: 1416.431 Thread 0x00000198fb2e4a70 nmethod 17356 0x00000198e1cb7b10 code [0x00000198e1cb7ca0, 0x00000198e1cb7d90]
Event: 1416.484 Thread 0x00000198fb2e7c70 17357       1       sun.security.x509.X509CertImpl::getEncodedInternal (5 bytes)
Event: 1416.484 Thread 0x00000198fb2e7c70 nmethod 17357 0x00000198e1cb7e90 code [0x00000198e1cb8020, 0x00000198e1cb80f0]
Event: 1416.587 Thread 0x00000198fb2e7c70 17358       3       java.util.UUID::hashCode (13 bytes)
Event: 1416.588 Thread 0x00000198fb2e7c70 nmethod 17358 0x00000198d2cfd110 code [0x00000198d2cfd2c0, 0x00000198d2cfd408]
Event: 1416.595 Thread 0x00000198fb2e7c70 17359       3       java.security.Provider$Service::getDefaultConstructor (84 bytes)
Event: 1416.596 Thread 0x00000198fb2e7c70 nmethod 17359 0x00000198d2cfd490 code [0x00000198d2cfd700, 0x00000198d2cfe4c0]
Event: 1417.198 Thread 0x00000198fb2e7c70 17360       3       sun.security.x509.X509CertImpl::getEncodedInternal (20 bytes)
Event: 1417.199 Thread 0x00000198fb2e7c70 nmethod 17360 0x00000198d2cfe790 code [0x00000198d2cfe980, 0x00000198d2cfef38]
Event: 1417.200 Thread 0x00000198fb2e7c70 17361   !   3       java.security.cert.Certificate::equals (38 bytes)
Event: 1417.201 Thread 0x00000198fb2e7c70 nmethod 17361 0x00000198d2cff090 code [0x00000198d2cff300, 0x00000198d2d00128]
Event: 1417.501 Thread 0x00000198fb2e7c70 17362       3       sun.security.provider.DigestBase::engineReset (33 bytes)
Event: 1417.501 Thread 0x00000198fb2e7c70 nmethod 17362 0x00000198d2d00510 code [0x00000198d2d006e0, 0x00000198d2d00978]
Event: 1417.600 Thread 0x00000198fb2e4a70 17363       4       com.google.common.collect.ImmutableMap::of (4 bytes)
Event: 1417.600 Thread 0x00000198fb2e4a70 nmethod 17363 0x00000198e1cb8190 code [0x00000198e1cb8320, 0x00000198e1cb8390]
Event: 1417.686 Thread 0x00000198fb2e4a70 17364       4       java.lang.ref.ReferenceQueue::poll0 (65 bytes)
Event: 1417.691 Thread 0x00000198fb2e4a70 nmethod 17364 0x00000198e1cb8490 code [0x00000198e1cb8640, 0x00000198e1cb89b0]
Event: 1417.883 Thread 0x00000198fb2e7c70 17365       1       org.gradle.internal.fingerprint.impl.AbstractFingerprintingStrategy::getConfigurationHash (5 bytes)
Event: 1417.884 Thread 0x00000198fb2e7c70 nmethod 17365 0x00000198e1cb8a90 code [0x00000198e1cb8c20, 0x00000198e1cb8cf0]
Event: 1417.937 Thread 0x00000198fb2e7c70 17366       3       java.security.Permissions::add (54 bytes)

GC Heap History (20 events):
Event: 537.613 GC heap before
{Heap before GC invocations=52 (full 0):
 garbage-first heap   total 237568K, used 135096K [0x0000000600000000, 0x0000000800000000)
  region size 4096K, 5 young (20480K), 1 survivors (4096K)
 Metaspace       used 109790K, committed 112320K, reserved 1179648K
  class space    used 15637K, committed 16896K, reserved 1048576K
}
Event: 537.623 GC heap after
{Heap after GC invocations=53 (full 0):
 garbage-first heap   total 237568K, used 119085K [0x0000000600000000, 0x0000000800000000)
  region size 4096K, 1 young (4096K), 1 survivors (4096K)
 Metaspace       used 109790K, committed 112320K, reserved 1179648K
  class space    used 15637K, committed 16896K, reserved 1048576K
}
Event: 543.447 GC heap before
{Heap before GC invocations=53 (full 0):
 garbage-first heap   total 237568K, used 143661K [0x0000000600000000, 0x0000000800000000)
  region size 4096K, 7 young (28672K), 1 survivors (4096K)
 Metaspace       used 110058K, committed 112640K, reserved 1179648K
  class space    used 15654K, committed 16896K, reserved 1048576K
}
Event: 543.469 GC heap after
{Heap after GC invocations=54 (full 0):
 garbage-first heap   total 237568K, used 122793K [0x0000000600000000, 0x0000000800000000)
  region size 4096K, 1 young (4096K), 1 survivors (4096K)
 Metaspace       used 110058K, committed 112640K, reserved 1179648K
  class space    used 15654K, committed 16896K, reserved 1048576K
}
Event: 544.193 GC heap before
{Heap before GC invocations=54 (full 0):
 garbage-first heap   total 237568K, used 126889K [0x0000000600000000, 0x0000000800000000)
  region size 4096K, 2 young (8192K), 1 survivors (4096K)
 Metaspace       used 110103K, committed 112640K, reserved 1179648K
  class space    used 15654K, committed 16896K, reserved 1048576K
}
Event: 544.209 GC heap after
{Heap after GC invocations=55 (full 0):
 garbage-first heap   total 237568K, used 124382K [0x0000000600000000, 0x0000000800000000)
  region size 4096K, 1 young (4096K), 1 survivors (4096K)
 Metaspace       used 110103K, committed 112640K, reserved 1179648K
  class space    used 15654K, committed 16896K, reserved 1048576K
}
Event: 545.025 GC heap before
{Heap before GC invocations=55 (full 0):
 garbage-first heap   total 237568K, used 157150K [0x0000000600000000, 0x0000000800000000)
  region size 4096K, 10 young (40960K), 1 survivors (4096K)
 Metaspace       used 110160K, committed 112704K, reserved 1179648K
  class space    used 15655K, committed 16896K, reserved 1048576K
}
Event: 545.041 GC heap after
{Heap after GC invocations=56 (full 0):
 garbage-first heap   total 389120K, used 126128K [0x0000000600000000, 0x0000000800000000)
  region size 4096K, 1 young (4096K), 1 survivors (4096K)
 Metaspace       used 110160K, committed 112704K, reserved 1179648K
  class space    used 15655K, committed 16896K, reserved 1048576K
}
Event: 546.691 GC heap before
{Heap before GC invocations=56 (full 0):
 garbage-first heap   total 389120K, used 162992K [0x0000000600000000, 0x0000000800000000)
  region size 4096K, 10 young (40960K), 1 survivors (4096K)
 Metaspace       used 110521K, committed 113152K, reserved 1179648K
  class space    used 15684K, committed 16960K, reserved 1048576K
}
Event: 546.700 GC heap after
{Heap after GC invocations=57 (full 0):
 garbage-first heap   total 389120K, used 130500K [0x0000000600000000, 0x0000000800000000)
  region size 4096K, 2 young (8192K), 2 survivors (8192K)
 Metaspace       used 110521K, committed 113152K, reserved 1179648K
  class space    used 15684K, committed 16960K, reserved 1048576K
}
Event: 1281.167 GC heap before
{Heap before GC invocations=57 (full 0):
 garbage-first heap   total 389120K, used 159172K [0x0000000600000000, 0x0000000800000000)
  region size 4096K, 10 young (40960K), 2 survivors (8192K)
 Metaspace       used 110765K, committed 113408K, reserved 1179648K
  class space    used 15709K, committed 17024K, reserved 1048576K
}
Event: 1281.320 GC heap after
{Heap after GC invocations=58 (full 0):
 garbage-first heap   total 389120K, used 132587K [0x0000000600000000, 0x0000000800000000)
  region size 4096K, 1 young (4096K), 1 survivors (4096K)
 Metaspace       used 110765K, committed 113408K, reserved 1179648K
  class space    used 15709K, committed 17024K, reserved 1048576K
}
Event: 1314.480 GC heap before
{Heap before GC invocations=58 (full 0):
 garbage-first heap   total 389120K, used 222699K [0x0000000600000000, 0x0000000800000000)
  region size 4096K, 23 young (94208K), 1 survivors (4096K)
 Metaspace       used 111009K, committed 113664K, reserved 1179648K
  class space    used 15710K, committed 17024K, reserved 1048576K
}
Event: 1314.651 GC heap after
{Heap after GC invocations=59 (full 0):
 garbage-first heap   total 389120K, used 139712K [0x0000000600000000, 0x0000000800000000)
  region size 4096K, 3 young (12288K), 3 survivors (12288K)
 Metaspace       used 111009K, committed 113664K, reserved 1179648K
  class space    used 15710K, committed 17024K, reserved 1048576K
}
Event: 1346.083 GC heap before
{Heap before GC invocations=59 (full 0):
 garbage-first heap   total 389120K, used 188864K [0x0000000600000000, 0x0000000800000000)
  region size 4096K, 15 young (61440K), 3 survivors (12288K)
 Metaspace       used 111093K, committed 113728K, reserved 1179648K
  class space    used 15714K, committed 17024K, reserved 1048576K
}
Event: 1346.780 GC heap after
{Heap after GC invocations=60 (full 0):
 garbage-first heap   total 389120K, used 141661K [0x0000000600000000, 0x0000000800000000)
  region size 4096K, 1 young (4096K), 1 survivors (4096K)
 Metaspace       used 111093K, committed 113728K, reserved 1179648K
  class space    used 15714K, committed 17024K, reserved 1048576K
}
Event: 1358.020 GC heap before
{Heap before GC invocations=60 (full 0):
 garbage-first heap   total 389120K, used 162141K [0x0000000600000000, 0x0000000800000000)
  region size 4096K, 6 young (24576K), 1 survivors (4096K)
 Metaspace       used 111156K, committed 113792K, reserved 1179648K
  class space    used 15717K, committed 17024K, reserved 1048576K
}
Event: 1358.571 GC heap after
{Heap after GC invocations=61 (full 0):
 garbage-first heap   total 389120K, used 143163K [0x0000000600000000, 0x0000000800000000)
  region size 4096K, 1 young (4096K), 1 survivors (4096K)
 Metaspace       used 111156K, committed 113792K, reserved 1179648K
  class space    used 15717K, committed 17024K, reserved 1048576K
}
Event: 1415.747 GC heap before
{Heap before GC invocations=61 (full 0):
 garbage-first heap   total 389120K, used 155451K [0x0000000600000000, 0x0000000800000000)
  region size 4096K, 4 young (16384K), 1 survivors (4096K)
 Metaspace       used 111215K, committed 113792K, reserved 1179648K
  class space    used 15727K, committed 17024K, reserved 1048576K
}
Event: 1415.764 GC heap after
{Heap after GC invocations=62 (full 0):
 garbage-first heap   total 389120K, used 147118K [0x0000000600000000, 0x0000000800000000)
  region size 4096K, 1 young (4096K), 1 survivors (4096K)
 Metaspace       used 111215K, committed 113792K, reserved 1179648K
  class space    used 15727K, committed 17024K, reserved 1048576K
}

Dll operation events (15 events):
Event: 0.033 Loaded shared library C:\Users\ASUS\.vscode\extensions\redhat.java-1.54.0-win32-x64\jre\21.0.10-win32-x86_64\bin\java.dll
Event: 1.808 Loaded shared library C:\Users\ASUS\.vscode\extensions\redhat.java-1.54.0-win32-x64\jre\21.0.10-win32-x86_64\bin\zip.dll
Event: 1.858 Loaded shared library C:\Users\ASUS\.vscode\extensions\redhat.java-1.54.0-win32-x64\jre\21.0.10-win32-x86_64\bin\instrument.dll
Event: 1.911 Loaded shared library C:\Users\ASUS\.vscode\extensions\redhat.java-1.54.0-win32-x64\jre\21.0.10-win32-x86_64\bin\net.dll
Event: 1.917 Loaded shared library C:\Users\ASUS\.vscode\extensions\redhat.java-1.54.0-win32-x64\jre\21.0.10-win32-x86_64\bin\nio.dll
Event: 1.928 Loaded shared library C:\Users\ASUS\.vscode\extensions\redhat.java-1.54.0-win32-x64\jre\21.0.10-win32-x86_64\bin\zip.dll
Event: 4.512 Loaded shared library C:\Users\ASUS\.vscode\extensions\redhat.java-1.54.0-win32-x64\jre\21.0.10-win32-x86_64\bin\jimage.dll
Event: 6.978 Loaded shared library C:\Users\ASUS\.vscode\extensions\redhat.java-1.54.0-win32-x64\jre\21.0.10-win32-x86_64\bin\verify.dll
Event: 8.408 Loaded shared library C:\Users\ASUS\.gradle\native\1def1411415f61bf3af743bc5b6707747c0891f09f0c88961ee8f79bc544acac\windows-amd64\native-platform.dll
Event: 8.442 Loaded shared library C:\Users\ASUS\.gradle\native\0.2.7\x86_64-windows-gnu\gradle-fileevents.dll
Event: 29.040 Loaded shared library C:\Users\ASUS\.vscode\extensions\redhat.java-1.54.0-win32-x64\jre\21.0.10-win32-x86_64\bin\management.dll
Event: 29.277 Loaded shared library C:\Users\ASUS\.vscode\extensions\redhat.java-1.54.0-win32-x64\jre\21.0.10-win32-x86_64\bin\management_ext.dll
Event: 32.466 Loaded shared library C:\Users\ASUS\.vscode\extensions\redhat.java-1.54.0-win32-x64\jre\21.0.10-win32-x86_64\bin\extnet.dll
Event: 36.427 Loaded shared library C:\Users\ASUS\.vscode\extensions\redhat.java-1.54.0-win32-x64\jre\21.0.10-win32-x86_64\bin\sunmscapi.dll
Event: 152.398 Loaded shared library C:\Users\ASUS\.vscode\extensions\redhat.java-1.54.0-win32-x64\jre\21.0.10-win32-x86_64\bin\rmi.dll

Deoptimization events (20 events):
Event: 1416.276 Thread 0x00000198fe70e8d0 DEOPT PACKING pc=0x00000198e1aa60bc sp=0x00000080c52fc000
Event: 1416.276 Thread 0x00000198fe70e8d0 DEOPT UNPACKING pc=0x00000198e0da7ba2 sp=0x00000080c52fbfb8 mode 2
Event: 1416.306 Thread 0x00000198fe70e8d0 DEOPT PACKING pc=0x00000198d19594d5 sp=0x00000080c52fa860
Event: 1416.306 Thread 0x00000198fe70e8d0 DEOPT UNPACKING pc=0x00000198e0da86e2 sp=0x00000080c52f9cf8 mode 0
Event: 1416.404 Thread 0x00000198fe70e8d0 Uncommon trap: trap_request=0xffffffde fr.pc=0x00000198e1aa60bc relative=0x00000000000007fc
Event: 1416.404 Thread 0x00000198fe70e8d0 Uncommon trap: reason=class_check action=maybe_recompile pc=0x00000198e1aa60bc method=com.google.common.cache.LocalCache$Segment.get(Ljava/lang/Object;I)Ljava/lang/Object; @ 49 c2
Event: 1416.404 Thread 0x00000198fe70e8d0 DEOPT PACKING pc=0x00000198e1aa60bc sp=0x00000080c52fbc10
Event: 1416.404 Thread 0x00000198fe70e8d0 DEOPT UNPACKING pc=0x00000198e0da7ba2 sp=0x00000080c52fbbc8 mode 2
Event: 1416.471 Thread 0x00000198fe70e8d0 Uncommon trap: trap_request=0xffffffde fr.pc=0x00000198e1aa60bc relative=0x00000000000007fc
Event: 1416.471 Thread 0x00000198fe70e8d0 Uncommon trap: reason=class_check action=maybe_recompile pc=0x00000198e1aa60bc method=com.google.common.cache.LocalCache$Segment.get(Ljava/lang/Object;I)Ljava/lang/Object; @ 49 c2
Event: 1416.471 Thread 0x00000198fe70e8d0 DEOPT PACKING pc=0x00000198e1aa60bc sp=0x00000080c52fc000
Event: 1416.471 Thread 0x00000198fe70e8d0 DEOPT UNPACKING pc=0x00000198e0da7ba2 sp=0x00000080c52fbfb8 mode 2
Event: 1416.587 Thread 0x00000198fe70e8d0 Uncommon trap: trap_request=0xffffffde fr.pc=0x00000198e1aa60bc relative=0x00000000000007fc
Event: 1416.587 Thread 0x00000198fe70e8d0 Uncommon trap: reason=class_check action=maybe_recompile pc=0x00000198e1aa60bc method=com.google.common.cache.LocalCache$Segment.get(Ljava/lang/Object;I)Ljava/lang/Object; @ 49 c2
Event: 1416.587 Thread 0x00000198fe70e8d0 DEOPT PACKING pc=0x00000198e1aa60bc sp=0x00000080c52fbdf0
Event: 1416.587 Thread 0x00000198fe70e8d0 DEOPT UNPACKING pc=0x00000198e0da7ba2 sp=0x00000080c52fbda8 mode 2
Event: 1417.127 Thread 0x00000198fe70e8d0 Uncommon trap: trap_request=0xffffff45 fr.pc=0x00000198e19c373c relative=0x0000000000000dbc
Event: 1417.128 Thread 0x00000198fe70e8d0 Uncommon trap: reason=unstable_if action=reinterpret pc=0x00000198e19c373c method=java.util.regex.Pattern.sequence(Ljava/util/regex/Pattern$Node;)Ljava/util/regex/Pattern$Node; @ 144 c2
Event: 1417.128 Thread 0x00000198fe70e8d0 DEOPT PACKING pc=0x00000198e19c373c sp=0x00000080c52fbcf0
Event: 1417.128 Thread 0x00000198fe70e8d0 DEOPT UNPACKING pc=0x00000198e0da7ba2 sp=0x00000080c52fbc90 mode 2

Classes loaded (20 events):
Event: 530.204 Loading class jdk/internal/math/FormattedFPDecimal
Event: 530.257 Loading class jdk/internal/math/FormattedFPDecimal done
Event: 546.573 Loading class java/lang/StackTraceElement$HashedModules
Event: 546.574 Loading class java/lang/StackTraceElement$HashedModules done
Event: 546.749 Loading class java/lang/Throwable$PrintStreamOrWriter
Event: 546.751 Loading class java/lang/Throwable$PrintStreamOrWriter done
Event: 546.792 Loading class java/util/Collections$EmptyListIterator
Event: 546.793 Loading class java/util/Collections$EmptyListIterator done
Event: 546.822 Loading class java/net/UrlDeserializedState
Event: 546.823 Loading class java/net/UrlDeserializedState done
Event: 546.826 Loading class java/lang/invoke/WrongMethodTypeException
Event: 546.827 Loading class java/lang/invoke/WrongMethodTypeException done
Event: 546.830 Loading class java/io/PrintWriter$1
Event: 546.832 Loading class jdk/internal/access/JavaIOPrintWriterAccess
Event: 546.832 Loading class jdk/internal/access/JavaIOPrintWriterAccess done
Event: 546.832 Loading class java/io/PrintWriter$1 done
Event: 546.833 Loading class java/lang/Throwable$WrappedPrintWriter
Event: 546.833 Loading class java/lang/Throwable$WrappedPrintWriter done
Event: 1415.699 Loading class java/security/cert/PolicyQualifierInfo
Event: 1415.738 Loading class java/security/cert/PolicyQualifierInfo done

Classes unloaded (0 events):
No events

Classes redefined (0 events):
No events

Internal exceptions (20 events):
Event: 1280.069 Thread 0x00000198fe70e8d0 Exception <a 'sun/nio/fs/WindowsException'{0x0000000615655740}> (0x0000000615655740) 
thrown [s\src\hotspot\share\prims\jni.cpp, line 520]
Event: 1280.069 Thread 0x00000198fe70e8d0 Exception <a 'sun/nio/fs/WindowsException'{0x0000000615657018}> (0x0000000615657018) 
thrown [s\src\hotspot\share\prims\jni.cpp, line 520]
Event: 1301.710 Thread 0x00000198c53c9480 Exception <a 'sun/nio/fs/WindowsException'{0x0000000613d38f70}> (0x0000000613d38f70) 
thrown [s\src\hotspot\share\prims\jni.cpp, line 520]
Event: 1301.729 Thread 0x00000198c53c9480 Exception <a 'sun/nio/fs/WindowsException'{0x0000000613d3b4f8}> (0x0000000613d3b4f8) 
thrown [s\src\hotspot\share\prims\jni.cpp, line 520]
Event: 1301.731 Thread 0x00000198c53c9480 Exception <a 'sun/nio/fs/WindowsException'{0x0000000613d44560}> (0x0000000613d44560) 
thrown [s\src\hotspot\share\prims\jni.cpp, line 520]
Event: 1301.732 Thread 0x00000198c53c9480 Exception <a 'sun/nio/fs/WindowsException'{0x0000000613d466b0}> (0x0000000613d466b0) 
thrown [s\src\hotspot\share\prims\jni.cpp, line 520]
Event: 1301.758 Thread 0x00000198c53c9480 Exception <a 'sun/nio/fs/WindowsException'{0x0000000613d5db58}> (0x0000000613d5db58) 
thrown [s\src\hotspot\share\prims\jni.cpp, line 520]
Event: 1301.758 Thread 0x00000198c53c9480 Exception <a 'sun/nio/fs/WindowsException'{0x0000000613d67948}> (0x0000000613d67948) 
thrown [s\src\hotspot\share\prims\jni.cpp, line 520]
Event: 1301.759 Thread 0x00000198c53c9480 Exception <a 'sun/nio/fs/WindowsException'{0x0000000613d69ac0}> (0x0000000613d69ac0) 
thrown [s\src\hotspot\share\prims\jni.cpp, line 520]
Event: 1353.198 Thread 0x00000198fe70e8d0 Exception <a 'sun/nio/fs/WindowsException'{0x00000006166ffdf0}> (0x00000006166ffdf0) 
thrown [s\src\hotspot\share\prims\jni.cpp, line 520]
Event: 1359.225 Thread 0x00000198c6383180 Exception <a 'sun/nio/fs/WindowsException'{0x00000007ff853138}> (0x00000007ff853138) 
thrown [s\src\hotspot\share\prims\jni.cpp, line 520]
Event: 1408.148 Thread 0x00000198c6384bc0 Exception <a 'java/lang/NoSuchMethodError'{0x00000007ffa86d68}: static Lorg/gradle/tooling/internal/provider/serialization/ClientOwnedClassLoaderSpec;.<clinit>()V> (0x00000007ffa86d68) 
thrown [s\src\hotspot\share\prims\jni.cpp, line 1111]
Event: 1416.276 Thread 0x00000198fe70e8d0 Exception <a 'java/lang/NoSuchMethodError'{0x00000007ff963d38}: static Lorg/gradle/tooling/internal/consumer/connection/InternalBuildActionAdapter;.<clinit>()V> (0x00000007ff963d38) 
thrown [s\src\hotspot\share\prims\jni.cpp, line 1111]
Event: 1416.594 Thread 0x00000198fe70e8d0 Exception <a 'java/lang/NoSuchMethodError'{0x00000007ffa81218}: static Lorg/gradle/tooling/internal/consumer/versioning/VersionDetails;.<clinit>()V> (0x00000007ffa81218) 
thrown [s\src\hotspot\share\prims\jni.cpp, line 1111]
Event: 1416.594 Thread 0x00000198fe70e8d0 Exception <a 'java/lang/NoSuchMethodError'{0x00000007ffa83c88}: static Lorg/gradle/tooling/internal/consumer/versioning/VersionDetails$R26VersionDetails;.<clinit>()V> (0x00000007ffa83c88) 
thrown [s\src\hotspot\share\prims\jni.cpp, line 1111]
Event: 1416.594 Thread 0x00000198fe70e8d0 Exception <a 'java/lang/NoSuchMethodError'{0x00000007ffa852a0}: static Lorg/gradle/tooling/internal/consumer/versioning/VersionDetails$R28VersionDetails;.<clinit>()V> (0x00000007ffa852a0) 
thrown [s\src\hotspot\share\prims\jni.cpp, line 1111]
Event: 1416.594 Thread 0x00000198fe70e8d0 Exception <a 'java/lang/NoSuchMethodError'{0x00000007ffa86808}: static Lorg/gradle/tooling/internal/consumer/versioning/VersionDetails$R35VersionDetails;.<clinit>()V> (0x00000007ffa86808) 
thrown [s\src\hotspot\share\prims\jni.cpp, line 1111]
Event: 1416.594 Thread 0x00000198fe70e8d0 Exception <a 'java/lang/NoSuchMethodError'{0x00000007ffa87c88}: static Lorg/gradle/tooling/internal/consumer/versioning/VersionDetails$R44VersionDetails;.<clinit>()V> (0x00000007ffa87c88) 
thrown [s\src\hotspot\share\prims\jni.cpp, line 1111]
Event: 1416.594 Thread 0x00000198fe70e8d0 Exception <a 'java/lang/NoSuchMethodError'{0x00000007ffa89040}: static Lorg/gradle/tooling/internal/consumer/versioning/VersionDetails$R48VersionDetails;.<clinit>()V> (0x00000007ffa89040) 
thrown [s\src\hotspot\share\prims\jni.cpp, line 1111]
Event: 1416.594 Thread 0x00000198fe70e8d0 Exception <a 'java/lang/NoSuchMethodError'{0x00000007ffa8a298}: static Lorg/gradle/tooling/internal/consumer/versioning/VersionDetails$R51VersionDetails;.<clinit>()V> (0x00000007ffa8a298) 
thrown [s\src\hotspot\share\prims\jni.cpp, line 1111]

ZGC Phase Switch (0 events):
No events

VM Operations (20 events):
Event: 1397.249 Executing safepoint VM operation: Cleanup
Event: 1397.250 Executing safepoint VM operation: Cleanup done
Event: 1408.255 Executing safepoint VM operation: Cleanup
Event: 1408.322 Executing safepoint VM operation: Cleanup done
Event: 1409.322 Executing safepoint VM operation: Cleanup
Event: 1410.784 Executing safepoint VM operation: Cleanup done
Event: 1410.784 Executing non-safepoint VM operation: HandshakeAllThreads (Deoptimize)
Event: 1410.810 Executing non-safepoint VM operation: HandshakeAllThreads (Deoptimize) done
Event: 1411.811 Executing safepoint VM operation: Cleanup
Event: 1411.865 Executing safepoint VM operation: Cleanup done
Event: 1413.866 Executing safepoint VM operation: Cleanup
Event: 1413.885 Executing safepoint VM operation: Cleanup done
Event: 1414.885 Executing safepoint VM operation: Cleanup
Event: 1414.885 Executing safepoint VM operation: Cleanup done
Event: 1415.747 Executing safepoint VM operation: G1CollectForAllocation (G1 Evacuation Pause)
Event: 1415.764 Executing safepoint VM operation: G1CollectForAllocation (G1 Evacuation Pause) done
Event: 1416.765 Executing safepoint VM operation: Cleanup
Event: 1416.835 Executing safepoint VM operation: Cleanup done
Event: 1417.836 Executing safepoint VM operation: Cleanup
Event: 1417.851 Executing safepoint VM operation: Cleanup done

Memory protections (0 events):
No events

Nmethod flushes (20 events):
Event: 425.244 Thread 0x00000198fb2b3650 flushing  nmethod 0x00000198d1342590
Event: 425.244 Thread 0x00000198fb2b3650 flushing  nmethod 0x00000198d13cb190
Event: 425.244 Thread 0x00000198fb2b3650 flushing  nmethod 0x00000198d13f5a90
Event: 425.244 Thread 0x00000198fb2b3650 flushing  nmethod 0x00000198d1412e90
Event: 425.244 Thread 0x00000198fb2b3650 flushing  nmethod 0x00000198d152d610
Event: 425.244 Thread 0x00000198fb2b3650 flushing  nmethod 0x00000198d1636b10
Event: 425.244 Thread 0x00000198fb2b3650 flushing  nmethod 0x00000198d16ad410
Event: 425.244 Thread 0x00000198fb2b3650 flushing  nmethod 0x00000198d16ae190
Event: 425.244 Thread 0x00000198fb2b3650 flushing  nmethod 0x00000198d174e890
Event: 425.244 Thread 0x00000198fb2b3650 flushing  nmethod 0x00000198d17bc390
Event: 425.244 Thread 0x00000198fb2b3650 flushing  nmethod 0x00000198d17ec410
Event: 425.244 Thread 0x00000198fb2b3650 flushing  nmethod 0x00000198d1844e90
Event: 425.244 Thread 0x00000198fb2b3650 flushing  nmethod 0x00000198d18a4410
Event: 425.244 Thread 0x00000198fb2b3650 flushing  nmethod 0x00000198d18d8890
Event: 425.244 Thread 0x00000198fb2b3650 flushing  nmethod 0x00000198d19c7210
Event: 425.244 Thread 0x00000198fb2b3650 flushing  nmethod 0x00000198d1b10c10
Event: 425.244 Thread 0x00000198fb2b3650 flushing  nmethod 0x00000198d1d13610
Event: 425.244 Thread 0x00000198fb2b3650 flushing  nmethod 0x00000198d1daa190
Event: 425.244 Thread 0x00000198fb2b3650 flushing osr nmethod 0x00000198d2061610
Event: 425.244 Thread 0x00000198fb2b3650 flushing  nmethod 0x00000198d20bf310

Events (20 events):
Event: 1355.811 Thread 0x00000198c53c9b10 Thread exited: 0x00000198c53c9b10
Event: 1355.811 Thread 0x00000198c848f1c0 Thread exited: 0x00000198c848f1c0
Event: 1355.812 Thread 0x00000198c53c8df0 Thread exited: 0x00000198c53c8df0
Event: 1355.812 Thread 0x00000198c848eb30 Thread exited: 0x00000198c848eb30
Event: 1355.816 Thread 0x00000198c848fee0 Thread exited: 0x00000198c848fee0
Event: 1355.948 Thread 0x00000198c8489c70 Thread exited: 0x00000198c8489c70
Event: 1356.589 Thread 0x00000198c848c3d0 Thread exited: 0x00000198c848c3d0
Event: 1356.589 Thread 0x00000198c6384530 Thread exited: 0x00000198c6384530
Event: 1356.593 Thread 0x00000198fe70ef60 Thread exited: 0x00000198fe70ef60
Event: 1357.491 Thread 0x00000198fe7109a0 Thread added: 0x00000198c6383180
Event: 1357.492 Thread 0x00000198fe70e240 Thread exited: 0x00000198fe70e240
Event: 1359.673 Thread 0x00000198fe70fc80 Thread exited: 0x00000198fe70fc80
Event: 1362.568 Thread 0x00000198c53c9480 Thread exited: 0x00000198c53c9480
Event: 1407.929 Thread 0x00000198fe7109a0 Thread added: 0x00000198c6384bc0
Event: 1408.174 Thread 0x00000198fe7109a0 Thread added: 0x00000198c6385f70
Event: 1408.222 Thread 0x00000198fe70e8d0 Thread added: 0x00000198c6384530
Event: 1408.235 Thread 0x00000198fe70e8d0 Thread added: 0x00000198c53c9b10
Event: 1408.236 Thread 0x00000198fe70e8d0 Thread added: 0x00000198c53c8df0
Event: 1408.582 Thread 0x00000198fe70e8d0 Thread added: 0x00000198c53ca1a0
Event: 1408.679 Thread 0x00000198fe70e8d0 Thread added: 0x00000198c53cc900


Dynamic libraries:
0x00007ff6bdc10000 - 0x00007ff6bdc1e000 	C:\Users\ASUS\.vscode\extensions\redhat.java-1.54.0-win32-x64\jre\21.0.10-win32-x86_64\bin\java.exe
0x00007ff843660000 - 0x00007ff8438c7000 	C:\WINDOWS\SYSTEM32\ntdll.dll
0x00007ff842340000 - 0x00007ff842409000 	C:\WINDOWS\System32\KERNEL32.DLL
0x00007ff840090000 - 0x00007ff840487000 	C:\WINDOWS\System32\KERNELBASE.dll
0x00007ff840f50000 - 0x00007ff84109b000 	C:\WINDOWS\System32\ucrtbase.dll
0x00007ff82fae0000 - 0x00007ff82faf8000 	C:\Users\ASUS\.vscode\extensions\redhat.java-1.54.0-win32-x64\jre\21.0.10-win32-x86_64\bin\jli.dll
0x00007ff842d10000 - 0x00007ff842ed6000 	C:\WINDOWS\System32\USER32.dll
0x00007ff840d00000 - 0x00007ff840d27000 	C:\WINDOWS\System32\win32u.dll
0x00007ff8434d0000 - 0x00007ff8434fb000 	C:\WINDOWS\System32\GDI32.dll
0x00007ff8412b0000 - 0x00007ff8413dc000 	C:\WINDOWS\System32\gdi32full.dll
0x00007ff840d30000 - 0x00007ff840dd3000 	C:\WINDOWS\System32\msvcp_win.dll
0x00007ff82fb00000 - 0x00007ff82fb1e000 	C:\Users\ASUS\.vscode\extensions\redhat.java-1.54.0-win32-x64\jre\21.0.10-win32-x86_64\bin\VCRUNTIME140.dll
0x00007ff8276d0000 - 0x00007ff827962000 	C:\WINDOWS\WinSxS\amd64_microsoft.windows.common-controls_6595b64144ccf1df_6.0.26100.8328_none_3e08182ce334b678\COMCTL32.dll
0x00007ff8413e0000 - 0x00007ff841489000 	C:\WINDOWS\System32\msvcrt.dll
0x00007ff841620000 - 0x00007ff841652000 	C:\WINDOWS\System32\IMM32.DLL
0x00007ff82fad0000 - 0x00007ff82fadc000 	C:\Users\ASUS\.vscode\extensions\redhat.java-1.54.0-win32-x64\jre\21.0.10-win32-x86_64\bin\vcruntime140_1.dll
0x00007ff82aee0000 - 0x00007ff82af6d000 	C:\Users\ASUS\.vscode\extensions\redhat.java-1.54.0-win32-x64\jre\21.0.10-win32-x86_64\bin\msvcp140.dll
0x00007fffbfe40000 - 0x00007fffc0be1000 	C:\Users\ASUS\.vscode\extensions\redhat.java-1.54.0-win32-x64\jre\21.0.10-win32-x86_64\bin\server\jvm.dll
0x00007ff843500000 - 0x00007ff8435b6000 	C:\WINDOWS\System32\ADVAPI32.dll
0x00007ff842410000 - 0x00007ff8424b7000 	C:\WINDOWS\System32\sechost.dll
0x00007ff8426e0000 - 0x00007ff8427f8000 	C:\WINDOWS\System32\RPCRT4.dll
0x00007ff841660000 - 0x00007ff8416e0000 	C:\WINDOWS\System32\WS2_32.dll
0x00007ff83fef0000 - 0x00007ff83ff4e000 	C:\WINDOWS\SYSTEM32\POWRPROF.dll
0x00007ff835900000 - 0x00007ff835936000 	C:\WINDOWS\SYSTEM32\WINMM.dll
0x00007ff82e6d0000 - 0x00007ff82e6db000 	C:\WINDOWS\SYSTEM32\VERSION.dll
0x00007ff83fed0000 - 0x00007ff83fee4000 	C:\WINDOWS\SYSTEM32\UMPDC.dll
0x00007ff83ee20000 - 0x00007ff83ee3b000 	C:\WINDOWS\SYSTEM32\kernel.appcore.dll
0x00007ff82fac0000 - 0x00007ff82faca000 	C:\Users\ASUS\.vscode\extensions\redhat.java-1.54.0-win32-x64\jre\21.0.10-win32-x86_64\bin\jimage.dll
0x00007ff83dfa0000 - 0x00007ff83e1e2000 	C:\WINDOWS\SYSTEM32\DBGHELP.DLL
0x00007ff843140000 - 0x00007ff8434c3000 	C:\WINDOWS\System32\combase.dll
0x00007ff841540000 - 0x00007ff841619000 	C:\WINDOWS\System32\OLEAUT32.dll
0x00007ff811e30000 - 0x00007ff811e6b000 	C:\WINDOWS\SYSTEM32\dbgcore.DLL
0x00007ff840ea0000 - 0x00007ff840f48000 	C:\WINDOWS\System32\bcryptPrimitives.dll
0x00007ff82fab0000 - 0x00007ff82fabf000 	C:\Users\ASUS\.vscode\extensions\redhat.java-1.54.0-win32-x64\jre\21.0.10-win32-x86_64\bin\instrument.dll
0x00007ff82af90000 - 0x00007ff82afb0000 	C:\Users\ASUS\.vscode\extensions\redhat.java-1.54.0-win32-x64\jre\21.0.10-win32-x86_64\bin\java.dll
0x00007ff841bc0000 - 0x00007ff84232e000 	C:\WINDOWS\System32\SHELL32.dll
0x00007ff840490000 - 0x00007ff840cfc000 	C:\WINDOWS\System32\windows.storage.dll
0x00007ff841850000 - 0x00007ff841946000 	C:\WINDOWS\System32\SHCORE.dll
0x00007ff842c90000 - 0x00007ff842cf6000 	C:\WINDOWS\System32\shlwapi.dll
0x00007ff83ffb0000 - 0x00007ff83ffd9000 	C:\WINDOWS\SYSTEM32\profapi.dll
0x00007ff82aec0000 - 0x00007ff82aed8000 	C:\Users\ASUS\.vscode\extensions\redhat.java-1.54.0-win32-x64\jre\21.0.10-win32-x86_64\bin\zip.dll
0x00007ff82f9f0000 - 0x00007ff82fa00000 	C:\Users\ASUS\.vscode\extensions\redhat.java-1.54.0-win32-x64\jre\21.0.10-win32-x86_64\bin\net.dll
0x00007ff830860000 - 0x00007ff830989000 	C:\WINDOWS\SYSTEM32\WINHTTP.dll
0x00007ff83f390000 - 0x00007ff83f3fc000 	C:\WINDOWS\system32\mswsock.dll
0x00007ff82aea0000 - 0x00007ff82aeb6000 	C:\Users\ASUS\.vscode\extensions\redhat.java-1.54.0-win32-x64\jre\21.0.10-win32-x86_64\bin\nio.dll
0x00007ff82af80000 - 0x00007ff82af90000 	C:\Users\ASUS\.vscode\extensions\redhat.java-1.54.0-win32-x64\jre\21.0.10-win32-x86_64\bin\verify.dll
0x00007ff827320000 - 0x00007ff827347000 	C:\Users\ASUS\.gradle\native\1def1411415f61bf3af743bc5b6707747c0891f09f0c88961ee8f79bc544acac\windows-amd64\native-platform.dll
0x00007ff82a310000 - 0x00007ff82a388000 	C:\Users\ASUS\.gradle\native\0.2.7\x86_64-windows-gnu\gradle-fileevents.dll
0x00007ff82a3c0000 - 0x00007ff82a3ca000 	C:\Users\ASUS\.vscode\extensions\redhat.java-1.54.0-win32-x64\jre\21.0.10-win32-x86_64\bin\management.dll
0x00007ff82a3b0000 - 0x00007ff82a3bc000 	C:\Users\ASUS\.vscode\extensions\redhat.java-1.54.0-win32-x64\jre\21.0.10-win32-x86_64\bin\management_ext.dll
0x00007ff841530000 - 0x00007ff841538000 	C:\WINDOWS\System32\PSAPI.DLL
0x00007ff83e8a0000 - 0x00007ff83e8d2000 	C:\WINDOWS\SYSTEM32\IPHLPAPI.DLL
0x00007ff842ee0000 - 0x00007ff842eea000 	C:\WINDOWS\System32\NSI.dll
0x00007ff82a300000 - 0x00007ff82a309000 	C:\Users\ASUS\.vscode\extensions\redhat.java-1.54.0-win32-x64\jre\21.0.10-win32-x86_64\bin\extnet.dll
0x00007ff83f670000 - 0x00007ff83f68b000 	C:\WINDOWS\SYSTEM32\CRYPTSP.dll
0x00007ff83ed80000 - 0x00007ff83edb9000 	C:\WINDOWS\system32\rsaenh.dll
0x00007ff83f440000 - 0x00007ff83f473000 	C:\WINDOWS\SYSTEM32\USERENV.dll
0x00007ff83ff80000 - 0x00007ff83ffaa000 	C:\WINDOWS\SYSTEM32\bcrypt.dll
0x00007ff83f690000 - 0x00007ff83f69c000 	C:\WINDOWS\SYSTEM32\CRYPTBASE.dll
0x00007ff82a3a0000 - 0x00007ff82a3ae000 	C:\Users\ASUS\.vscode\extensions\redhat.java-1.54.0-win32-x64\jre\21.0.10-win32-x86_64\bin\sunmscapi.dll
0x00007ff841130000 - 0x00007ff8412a8000 	C:\WINDOWS\System32\CRYPT32.dll
0x00007ff83f890000 - 0x00007ff83f8c0000 	C:\WINDOWS\SYSTEM32\ncrypt.dll
0x00007ff83f840000 - 0x00007ff83f87f000 	C:\WINDOWS\SYSTEM32\NTASN1.dll
0x00007ff80de00000 - 0x00007ff80de08000 	C:\WINDOWS\system32\wshunix.dll
0x00007ff80c100000 - 0x00007ff80c118000 	C:\WINDOWS\system32\napinsp.dll
0x00007ff83e9a0000 - 0x00007ff83ead2000 	C:\WINDOWS\SYSTEM32\DNSAPI.dll
0x00007ff80c0e0000 - 0x00007ff80c0f3000 	C:\WINDOWS\System32\winrnr.dll
0x00007ff80c070000 - 0x00007ff80c092000 	C:\WINDOWS\system32\nlansp_c.dll
0x00007ff80c050000 - 0x00007ff80c066000 	C:\WINDOWS\system32\wshbth.dll
0x00007ff82e670000 - 0x00007ff82e67b000 	C:\Windows\System32\rasadhlp.dll
0x00007ff831040000 - 0x00007ff8310c6000 	C:\WINDOWS\System32\fwpuclnt.dll
0x00007ff829f00000 - 0x00007ff829f07000 	C:\Users\ASUS\.vscode\extensions\redhat.java-1.54.0-win32-x64\jre\21.0.10-win32-x86_64\bin\rmi.dll

JVMTI agents:
C:\Users\ASUS\.gradle\wrapper\dists\gradle-8.14-all\c2qonpi39x1mddn7hk5gh9iqj\gradle-8.14\lib\agents\gradle-instrumentation-agent-8.14.jar path:C:\Users\ASUS\.vscode\extensions\redhat.java-1.54.0-win32-x64\jre\21.0.10-win32-x86_64\bin\instrument.dll, loaded, initialized, instrumentlib options:none

dbghelp: loaded successfully - version: 4.0.5 - missing functions: none
symbol engine: initialized successfully - sym options: 0x614 - pdb path: .;C:\Users\ASUS\.vscode\extensions\redhat.java-1.54.0-win32-x64\jre\21.0.10-win32-x86_64\bin;C:\WINDOWS\SYSTEM32;C:\WINDOWS\WinSxS\amd64_microsoft.windows.common-controls_6595b64144ccf1df_6.0.26100.8328_none_3e08182ce334b678;C:\Users\ASUS\.vscode\extensions\redhat.java-1.54.0-win32-x64\jre\21.0.10-win32-x86_64\bin\server;C:\Users\ASUS\.gradle\native\1def1411415f61bf3af743bc5b6707747c0891f09f0c88961ee8f79bc544acac\windows-amd64;C:\Users\ASUS\.gradle\native\0.2.7\x86_64-windows-gnu

VM Arguments:
jvm_args: --add-opens=java.base/java.lang=ALL-UNNAMED --add-opens=java.base/java.lang.invoke=ALL-UNNAMED --add-opens=java.base/java.util=ALL-UNNAMED --add-opens=java.prefs/java.util.prefs=ALL-UNNAMED --add-exports=jdk.compiler/com.sun.tools.javac.api=ALL-UNNAMED --add-exports=jdk.compiler/com.sun.tools.javac.util=ALL-UNNAMED --add-opens=java.base/java.util=ALL-UNNAMED --add-opens=java.prefs/java.util.prefs=ALL-UNNAMED --add-opens=java.base/java.nio.charset=ALL-UNNAMED --add-opens=java.base/java.net=ALL-UNNAMED --add-opens=java.base/java.util.concurrent.atomic=ALL-UNNAMED --add-opens=java.xml/javax.xml.namespace=ALL-UNNAMED -XX:MaxMetaspaceSize=4G -XX:ReservedCodeCacheSize=512m -XX:+HeapDumpOnOutOfMemoryError -Xmx8G -Dfile.encoding=UTF-8 -Duser.country=US -Duser.language=en -Duser.variant -javaagent:C:\Users\ASUS\.gradle\wrapper\dists\gradle-8.14-all\c2qonpi39x1mddn7hk5gh9iqj\gradle-8.14\lib\agents\gradle-instrumentation-agent-8.14.jar 
java_command: org.gradle.launcher.daemon.bootstrap.GradleDaemon 8.14
java_class_path (initial): C:\Users\ASUS\.gradle\wrapper\dists\gradle-8.14-all\c2qonpi39x1mddn7hk5gh9iqj\gradle-8.14\lib\gradle-daemon-main-8.14.jar
Launcher Type: SUN_STANDARD

[Global flags]
     intx CICompilerCount                          = 3                                         {product} {ergonomic}
     uint ConcGCThreads                            = 1                                         {product} {ergonomic}
     uint G1ConcRefinementThreads                  = 4                                         {product} {ergonomic}
   size_t G1HeapRegionSize                         = 4194304                                   {product} {ergonomic}
    uintx GCDrainStackTargetSize                   = 64                                        {product} {ergonomic}
     bool HeapDumpOnOutOfMemoryError               = true                                   {manageable} {command line}
   size_t InitialHeapSize                          = 130023424                                 {product} {ergonomic}
   size_t MarkStackSize                            = 4194304                                   {product} {ergonomic}
   size_t MaxHeapSize                              = 8589934592                                {product} {command line}
   size_t MaxMetaspaceSize                         = 4294967296                                {product} {command line}
   size_t MaxNewSize                               = 5150605312                                {product} {ergonomic}
   size_t MinHeapDeltaBytes                        = 4194304                                   {product} {ergonomic}
   size_t MinHeapSize                              = 8388608                                   {product} {ergonomic}
    uintx NonNMethodCodeHeapSize                   = 5832780                                {pd product} {ergonomic}
    uintx NonProfiledCodeHeapSize                  = 265519066                              {pd product} {ergonomic}
    uintx ProfiledCodeHeapSize                     = 265519066                              {pd product} {ergonomic}
    uintx ReservedCodeCacheSize                    = 536870912                              {pd product} {command line}
     bool SegmentedCodeCache                       = true                                      {product} {ergonomic}
   size_t SoftMaxHeapSize                          = 8589934592                             {manageable} {ergonomic}
     bool UseCompressedOops                        = true                           {product lp64_product} {ergonomic}
     bool UseG1GC                                  = true                                      {product} {ergonomic}
     bool UseLargePagesIndividualAllocation        = false                                  {pd product} {ergonomic}

Logging:
Log output configuration:
 #0: stdout all=warning uptime,level,tags foldmultilines=false
 #1: stderr all=off uptime,level,tags foldmultilines=false

Release file:
JAVA_VERSION="21.0.10" 
MODULES="java.base java.compiler java.datatransfer java.xml java.prefs java.desktop java.instrument java.logging java.management java.security.sasl java.naming java.rmi java.management.rmi java.net.http java.scripting java.security.jgss java.transaction.xa java.sql java.sql.rowset java.xml.crypto java.se java.smartcardio jdk.accessibility jdk.internal.jvmstat jdk.attach jdk.charsets jdk.internal.opt jdk.zipfs jdk.compiler jdk.crypto.ec jdk.crypto.cryptoki jdk.crypto.mscapi jdk.dynalink jdk.internal.ed jdk.editpad jdk.hotspot.agent jdk.httpserver jdk.internal.le jdk.internal.vm.ci jdk.internal.vm.compiler jdk.internal.vm.compiler.management jdk.jartool jdk.javadoc jdk.jcmd jdk.management jdk.management.agent jdk.jconsole jdk.jdeps jdk.jdwp.agent jdk.jdi jdk.jfr jdk.jshell jdk.jsobject jdk.jstatd jdk.localedata jdk.management.jfr jdk.naming.dns jdk.naming.rmi jdk.net jdk.nio.mapmode jdk.random jdk.sctp jdk.security.auth jdk.security.jgss jdk.unsupported jdk.unsupported.desktop jdk.xml.dom" 

Environment Variables:
JAVA_HOME=C:\Program Files\Java\jre1.8.0_471
PATH=C:\Python314\Scripts\;C:\Python314\;C:\Program Files\Common Files\Oracle\Java\javapath;C:\Program Files (x86)\Common Files\Oracle\Java\java8path;C:\Program Files (x86)\Common Files\Oracle\Java\javapath;C:\Program Files\Eclipse Adoptium\jdk-25.0.1.8-hotspot\bin;C:\Python313\Scripts\;C:\Python313\;C:\Windows\system32;C:\Windows;C:\Windows\System32\Wbem;C:\Windows\System32\WindowsPowerShell\v1.0\;C:\Windows\System32\OpenSSH\;C:\xampp\htdocs;C:\ProgramData\chocolatey\bin;C:\Program Files\Google\Chrome\Application\chrome.exe;C:\Program Files\dotnet\;C:\Users\ASUS\.config\herd\bin\nvm;C:\Program Files\nodejs;C:\Program Files\Microsoft SQL Server\150\Tools\Binn\;C:\Program Files\Microsoft SQL Server\Client SDK\ODBC\110\Tools\Binn\;C:\Program Files (x86)\Microsoft SQL Server\120\Tools\Binn\;C:\Program Files\Microsoft SQL Server\120\Tools\Binn\;C:\Program Files\Microsoft SQL Server\120\DTS\Binn\;C:\Program Files (x86)\Microsoft SQL Server\160\Tools\Binn\;C:\Program Files\Microsoft SQL Server\160\Tools\Binn\;C:\Program Files\Microsoft SQL Server\Client SDK\ODBC\170\Tools\Binn\;C:\Program Files\Microsoft SQL Server\160\DTS\Binn\;C:\WINDOWS\system32;C:\WINDOWS;C:\WINDOWS\System32\Wbem;C:\WINDOWS\System32\WindowsPowerShell\v1.0\;C:\WINDOWS\System32\OpenSSH\;C:\Program Files\kotlinc\bin;C:\Program Files\Java\jdk-21\bin;C:\Program Files\kotlinc\bin;C:\Program Files\Java\jre1.8.0_471\bin;C:\Program Files\Docker\Docker\resources\bin;C:\apache-maven-3.9.12-bin\apache-maven-3.9.12\bin;C:\kotlinc\bin;C:\Program Files\Microsoft SQL Server\170\Tools\Binn\;C:\Program Files\dart-sdk\bin;C:\Program Files\nodejs\node_modules\npm\bin;C:\Users\ASUS\Downloads\flutter_windows_3.38.7-stable\flutter;C:\Users\ASUS\AppData\Roaming\Composer\vendor\bin;C:\Program Files\nodejs\;C:\Users\ASUS\AppData\Roaming\Composer\vendor\bin;C:\Users\ASUS\AppData\Roaming\Composer;C:\Users\ASUS\php8.5;C:\ProgramData\ComposerSetup\bin;C:\Program Files\MongoDB\Server\8.2\bin;C:\Program Files\Git\cmd;C:\Program Files\Cloudflare\Cloudflare WARP\;C:\Users\ASUS\.local\bin;C:\Users\ASUS\.config\herd\bin;C:\Users\ASUS\scoop\shims;C:\Users\ASUS\.config\herd-lite\bin;C:\Users\ASUS\AppData\Local\Microsoft\WindowsApps;C:\Users\ASUS\AppData\Roaming\Composer\vendor\bin;C:\Users\ASUS\.dotnet\tools;C:\Users\ASUS\Downloads\flutter_windows_3.35.1-stable\flutter\bin;C:\Program Files (x86)\jdk-21.0.9\bin;C:\Program Files\kotlinc\bin;C:\Users\ASUS\AppData\Local\PowerToys\DSCModules\;C:\Program Files\nodejs;C:\Users\ASUS\AppData\Local\npm-cache\_logs\2026-01-05T09_10_55_508Z-debug-0.log;C:\Users\ASUS\flutter\bin;C:\laragon\bin\php\php-8.3.30-Win32-vs16-x64\php.exe;C:\php84\php.exe;C:\Program Files\nodejs;C:\php84;C:\Users\ASUS\AppData\Local\Programs\Microsoft VS Code\bin;C:\Users\ASUS\AppData\Local\Programs\mongosh\;C:\Users\ASUS\Downloads\flutter_windows_3.38.7-stable\flutter\bin;C:\Users\ASUS\AppData\Local\Programs\Antigravity\bin
USERNAME=ASUS
OS=Windows_NT
PROCESSOR_IDENTIFIER=Intel64 Family 6 Model 140 Stepping 1, GenuineIntel
TMP=C:\Users\ASUS\AppData\Local\Temp
TEMP=C:\Users\ASUS\AppData\Local\Temp




Periodic native trim disabled

---------------  S Y S T E M  ---------------

OS:
 Windows 11 , 64 bit Build 26100 (10.0.26100.8328)
OS uptime: 3 days 1:09 hours
Hyper-V role detected

CPU: total 4 (initial active 4) (2 cores per cpu, 2 threads per core) family 6 model 140 stepping 1 microcode 0xb6, cx8, cmov, fxsr, ht, mmx, 3dnowpref, sse, sse2, sse3, ssse3, sse4.1, sse4.2, popcnt, lzcnt, tsc, tscinvbit, avx, avx2, aes, erms, clmul, bmi1, bmi2, adx, avx512f, avx512dq, avx512cd, avx512bw, avx512vl, sha, fma, vzeroupper, avx512_vpopcntdq, avx512_vpclmulqdq, avx512_vaes, avx512_vnni, clflush, clflushopt, clwb, avx512_vbmi2, avx512_vbmi, hv, rdtscp, rdpid, fsrm, gfni, avx512_bitalg, f16c, cet_ibt, cet_ss, avx512_ifma
Processor Information for the first 4 processors :
  Max Mhz: 2995, Current Mhz: 2995, Mhz Limit: 2995

Memory: 4k page, system-wide physical 7886M (383M free)
TotalPageFile size 26883M (AvailPageFile size 0M)
current process WorkingSet (physical memory assigned to process): 154M, peak: 459M
current process commit charge ("private bytes"): 708M, peak: 722M

vm_info: OpenJDK 64-Bit Server VM (21.0.10+7-LTS) for windows-amd64 JRE (21.0.10+7-LTS), built on 2026-01-20T00:00:00Z by "admin" with MS VC++ 17.12 (VS2022)

END.
